Microchip MPLAB XC8 Compiler V2.50

Linker command line:

-W-3 \
  --edf=C:\Program Files\Microchip\xc8\v2.50\pic\dat\20240725155939_en.msgs \
  -cn -h+dist/default/debug\PICF18F4321_Ep4_ADC.X.debug.sym \
  --cmf=dist/default/debug\PICF18F4321_Ep4_ADC.X.debug.cmf -z -Q18F4321 \
  -oC:\Users\User\AppData\Local\Temp\xcAsg3s.\driver_tmp_3.o \
  --defsym=__MPLAB_BUILD=1 --fixupoverflow=error \
  -Mdist/default/debug/PICF18F4321_Ep4_ADC.X.debug.map \
  --md=C:\Users\User\AppData\Local\Temp\xcAsg3s.\driver_tmp_0.dat -E1 \
  -ver=XC8 Compiler --acfsm=1493 -ACODE=00h-01D3Fh -ACONST=00h-01D3Fh \
  -ASMALLCONST=0200h-02FFhx27,01D00h-01D3Fh -AMEDIUMCONST=0200h-01D3Fh \
  -ACOMRAM=01h-07Fh -AABS1=00h-01EEh -ABIGRAM=01h-01EEh \
  -ARAM=080h-0FFh,0100h-01EEh -ABANK0=080h-0FFh -ABANK1=0100h-01EEh \
  -ASFR=0F80h-0F9Bh,0F9Dh-0FD3h,0FD5h-0FDAh,0FE0h-0FE2h,0FE8h-0FEAh,0FF0h-0FFBh \
  -ABIGSFR=0F80h-0F9Bh,0F9Dh-0FD3h,0FD5h-0FDAh,0FE0h-0FE2h,0FE8h-0FEAh,0FF0h-0FFBh \
  -ACONFIG=0300000h-030000Dh -AIDLOC=0200000h-0200007h \
  -AEEDATA=0F00000h-0F000FFh -peeprom_data=EEDATA \
  -preset_vec=00h,intcode,sivt_hi,intcodelo,sivt_lo,powerup,init \
  -pramtop=0200h -psmallconst=SMALLCONST -pmediumconst=MEDIUMCONST \
  -pconst=CONST -AFARRAM=00h-00h \
  -prdata=COMRAM,nvrram=COMRAM,nvbit=COMRAM,rbss=COMRAM,rbit=COMRAM \
  -pfarbss=FARRAM,fardata=FARRAM,nvFARRAM=FARRAM \
  -pintsave_regs=BIGRAM,bigbss=BIGRAM,bigdata=BIGRAM -pbss=RAM \
  -pidata=CODE,irdata=CODE,ibigdata=CODE,ifardata=CODE -prparam=COMRAM \
  C:\Users\User\AppData\Local\Temp\xcAsg3s.\driver_tmp_14.o \
  dist/default/debug\PICF18F4321_Ep4_ADC.X.debug.o 

Object code version is 3.11

Machine type is 18F4321



                Name                               Link     Load   Length Selector   Space Scale
C:\Users\User\AppData\Local\Temp\xcAsg3s.\driver_tmp_14.o
                config                           300000   300000        E        0       4
                init                                  2        2        4        0       0
                reset_vec                             0        0        2        0       0
dist/default/debug\PICF18F4321_Ep4_ADC.X.debug.o
                config                           300000   300000        E        0       4
                smallconst                          200      200       18      100       0
                text13                              8B4      8B4       12      10C       0
                text12                              89E      89E       16      10C       0
                text11                              764      764       5E      10C       0
                text10                              4D6      4D6       C2      10C       0
                text9                               598      598       AE      10C       0
                text8                               834      834       34      10C       0
                text7                               8C6      8C6        2      10C       0
                text6                               646      646       AA      10C       0
                text5                               218      218      1B8      10C       0
                text4                               7C2      7C2       3E      10C       0
                text3                               800      800       34      10C       0
                text2                               868      868       20      10C       0
                text1                               6F0      6F0       74      10C       0
                text0                               3D0      3D0      106      10C       0
                cstackCOMRAM                          1        1       47        1       1
                bssCOMRAM                            48       48       25        1       1
                cinit                               888      888       16      10C       0

TOTAL           Name                               Link     Load   Length     Space
        CLASS   CODE           
                init                                  2        2        4         0
                reset_vec                             0        0        2         0
                text13                              8B4      8B4       12         0
                text12                              89E      89E       16         0
                text11                              764      764       5E         0
                text10                              4D6      4D6       C2         0
                text9                               598      598       AE         0
                text8                               834      834       34         0
                text7                               8C6      8C6        2         0
                text6                               646      646       AA         0
                text5                               218      218      1B8         0
                text4                               7C2      7C2       3E         0
                text3                               800      800       34         0
                text2                               868      868       20         0
                text1                               6F0      6F0       74         0
                text0                               3D0      3D0      106         0
                cinit                               888      888       16         0

        CLASS   CONST          

        CLASS   SMALLCONST     
                smallconst                          200      200       18         0

        CLASS   MEDIUMCONST    

        CLASS   COMRAM         
                cstackCOMRAM                          1        1       47         1
                bssCOMRAM                            48       48       25         1

        CLASS   ABS1           

        CLASS   BIGRAM         

        CLASS   RAM            

        CLASS   BANK0          

        CLASS   BANK1          

        CLASS   SFR            

        CLASS   BIGSFR         

        CLASS   CONFIG         
                config                           300000   300000        E         4

        CLASS   IDLOC          

        CLASS   EEDATA         

        CLASS   FARRAM         

        CLASS   HEAP           

        CLASS   STACK          



SEGMENTS        Name                           Load    Length   Top    Selector   Space  Class

                reset_vec                      000000  000006  000006         0       0  CODE    
                cstackCOMRAM                   000001  00006C  00006D         1       1  COMRAM  
                smallconst                     000200  000018  000218       100       0  SMALLCON
                text5                          000218  0006B0  0008C8       10C       0  CODE    


UNUSED ADDRESS RANGES

        Name                Unused          Largest block    Delta
        BANK0            000080-0000FF               80
        BANK1            000100-0001EE               EF
        BIGRAM           00006D-0001EE              182
        BIGSFR           000F80-000F9B               1C
                         000F9D-000FD3               37
                         000FD5-000FDA                6
                         000FE0-000FE2                3
                         000FE8-000FEA                3
                         000FF0-000FFB                C
        CODE             000006-0001FF              1FA
                         0008C8-001D3F             1478
        COMRAM           00006D-00007F               13
        CONST            000006-0001FF              1FA
                         0008C8-001D3F             1478
        EEDATA           F00000-F000FF              100
        IDLOC            200000-200007                8
        MEDIUMCONST      0008C8-001D3F             1478
        RAM              000080-0001EE               80
        SFR              000F80-000F9B               1C
                         000F9D-000FD3               37
                         000FD5-000FDA                6
                         000FE0-000FE2                3
                         000FE8-000FEA                3
                         000FF0-000FFB                C
        SMALLCONST       0008C8-001D3F              100

                                  Symbol Table

?___awdiv                  cstackCOMRAM 000001
?___awmod                  cstackCOMRAM 000001
?___lwdiv                  cstackCOMRAM 000001
?_abs                      cstackCOMRAM 000007
?_sprintf                  cstackCOMRAM 00001A
?_vfprintf                 cstackCOMRAM 000016
UART_Init@baud_rate        cstackCOMRAM 000001
UART_Write@data            cstackCOMRAM 000001
UART_Write_Int@buffer      cstackCOMRAM 00002C
UART_Write_Int@value       cstackCOMRAM 00002A
UART_Write_String@text     cstackCOMRAM 000002
_ADCON0bits                (abs)        000FC2
_ADCON1                    (abs)        000FC1
_ADCON2bits                (abs)        000FC0
_ADRESH                    (abs)        000FC4
_ADRESL                    (abs)        000FC3
_OSCCONbits                (abs)        000FD3
_PIR1bits                  (abs)        000F9E
_RCREG                     (abs)        000FAE
_RCSTAbits                 (abs)        000FAB
_SPBRG                     (abs)        000FAF
_TRISBbits                 (abs)        000F93
_TRISCbits                 (abs)        000F94
_TXREG                     (abs)        000FAD
_TXSTAbits                 (abs)        000FAC
_UART_Init                 text13       0008B4
_UART_Write                text12       00089E
_UART_Write_Int            text2        000868
_UART_Write_String         text11       000764
__HRAM                     (abs)        000000
__H__absolute__            __absolute__ 000000
__Habs1                    abs1         000000
__Hbank0                   bank0        000000
__Hbank1                   bank1        000000
__Hbigbss                  bigbss       000000
__Hbigdata                 bigdata      000000
__Hbigram                  bigram       000000
__Hbigsfr                  bigsfr       000000
__Hbss                     bss          000000
__HbssCOMRAM               bssCOMRAM    000000
__Hcinit                   cinit        000000
__Hclrtext                 clrtext      000000
__Hcomram                  comram       000000
__Hconfig                  config       30000E
__Hconst                   const        000000
__HcstackCOMRAM            cstackCOMRAM 000000
__Hdata                    data         000000
__Heeprom_data             eeprom_data  000000
__Hfarbss                  farbss       000000
__Hfardata                 fardata      000000
__Hheap                    heap         000000
__Hibigdata                ibigdata     000000
__Hidata                   idata        000000
__Hidloc                   idloc        000000
__Hifardata                ifardata     000000
__Hinit                    init         000006
__Hintcode                 intcode      000002
__Hintcode_body            intcode_body 000000
__Hintcodelo               intcodelo    000002
__Hintentry                intentry     000000
__Hintret                  intret       000000
__Hintsave_regs            intsave_regs 000000
__Hirdata                  irdata       000000
__Hmediumconst             mediumconst  000000
__HnvFARRAM                nvFARRAM     000000
__Hnvbit                   nvbit        000000
__Hnvrram                  nvrram       000000
__Hparam                   rparam       000000
__Hpowerup                 powerup      000002
__Hram                     ram          000000
__Hramtop                  ramtop       000200
__Hrbit                    rbit         000000
__Hrbss                    rbss         000000
__Hrdata                   rdata        000000
__Hreset_vec               reset_vec    000002
__Hrparam                  rparam       000000
__Hsfr                     sfr          000000
__Hsivt_hi                 sivt_hi      000002
__Hsivt_lo                 sivt_lo      000002
__Hsmallconst              smallconst   000218
__Hspace_0                 (abs)        0008C8
__Hspace_1                 (abs)        00006D
__Hspace_2                 (abs)        000000
__Hspace_4                 (abs)        60000E
__Hstack                   stack        000000
__Hstruct                  struct       000000
__Htemp                    temp         000000
__Htext                    text         000000
__Htext0                   text0        000000
__Htext1                   text1        000000
__Htext10                  text10       000000
__Htext11                  text11       000000
__Htext12                  text12       000000
__Htext13                  text13       000000
__Htext2                   text2        000000
__Htext3                   text3        000000
__Htext4                   text4        000000
__Htext5                   text5        000000
__Htext6                   text6        000000
__Htext7                   text7        000000
__Htext8                   text8        000000
__Htext9                   text9        000000
__LRAM                     (abs)        000001
__L__absolute__            __absolute__ 000000
__Labs1                    abs1         000000
__Lbank0                   bank0        000000
__Lbank1                   bank1        000000
__Lbigbss                  bigbss       000000
__Lbigdata                 bigdata      000000
__Lbigram                  bigram       000000
__Lbigsfr                  bigsfr       000000
__Lbss                     bss          000000
__LbssCOMRAM               bssCOMRAM    000000
__Lcinit                   cinit        000000
__Lclrtext                 clrtext      000000
__Lcomram                  comram       000000
__Lconfig                  config       000000
__Lconst                   const        000000
__LcstackCOMRAM            cstackCOMRAM 000000
__Ldata                    data         000000
__Leeprom_data             eeprom_data  000000
__Lfarbss                  farbss       000000
__Lfardata                 fardata      000000
__Lheap                    heap         000000
__Libigdata                ibigdata     000000
__Lidata                   idata        000000
__Lidloc                   idloc        000000
__Lifardata                ifardata     000000
__Linit                    init         000002
__Lintcode                 intcode      000002
__Lintcode_body            intcode_body 000000
__Lintcodelo               intcodelo    000002
__Lintentry                intentry     000000
__Lintret                  intret       000000
__Lintsave_regs            intsave_regs 000000
__Lirdata                  irdata       000000
__Lmediumconst             mediumconst  000000
__LnvFARRAM                nvFARRAM     000000
__Lnvbit                   nvbit        000000
__Lnvrram                  nvrram       000000
__Lparam                   rparam       000000
__Lpowerup                 powerup      000002
__Lram                     ram          000000
__Lramtop                  ramtop       000200
__Lrbit                    rbit         000000
__Lrbss                    rbss         000000
__Lrdata                   rdata        000000
__Lreset_vec               reset_vec    000000
__Lrparam                  rparam       000000
__Lsfr                     sfr          000000
__Lsivt_hi                 sivt_hi      000002
__Lsivt_lo                 sivt_lo      000002
__Lsmallconst              smallconst   000200
__Lspace_0                 (abs)        000000
__Lspace_1                 (abs)        000000
__Lspace_2                 (abs)        000000
__Lspace_4                 (abs)        000000
__Lstack                   stack        000000
__Lstruct                  struct       000000
__Ltemp                    temp         000000
__Ltext                    text         000000
__Ltext0                   text0        000000
__Ltext1                   text1        000000
__Ltext10                  text10       000000
__Ltext11                  text11       000000
__Ltext12                  text12       000000
__Ltext13                  text13       000000
__Ltext2                   text2        000000
__Ltext3                   text3        000000
__Ltext4                   text4        000000
__Ltext5                   text5        000000
__Ltext6                   text6        000000
__Ltext7                   text7        000000
__Ltext8                   text8        000000
__Ltext9                   text9        000000
__S0                       (abs)        0008C8
__S1                       (abs)        00006D
__S4                       (abs)        000000
__S5                       (abs)        000000
___awdiv                   text10       0004D6
___awdiv@counter           cstackCOMRAM 000005
___awdiv@dividend          cstackCOMRAM 000001
___awdiv@divisor           cstackCOMRAM 000003
___awdiv@quotient          cstackCOMRAM 000007
___awdiv@sign              cstackCOMRAM 000006
___awmod                   text9        000598
___awmod@counter           cstackCOMRAM 000005
___awmod@dividend          cstackCOMRAM 000001
___awmod@divisor           cstackCOMRAM 000003
___awmod@sign              cstackCOMRAM 000006
___heap_hi                 (abs)        000000
___heap_lo                 (abs)        000000
___inthi_sp                stack        000000
___inthi_stack_hi          stack        000000
___inthi_stack_lo          stack        000000
___intlo_sp                stack        000000
___intlo_stack_hi          stack        000000
___intlo_stack_lo          stack        000000
___lwdiv                   text1        0006F0
___lwdiv@counter           cstackCOMRAM 000007
___lwdiv@dividend          cstackCOMRAM 000001
___lwdiv@divisor           cstackCOMRAM 000003
___lwdiv@quotient          cstackCOMRAM 000005
___param_bank              (abs)        000000
___rparam_used             (abs)        000001
___sp                      stack        000000
___stack_hi                stack        000000
___stack_lo                stack        000000
__accesstop                (abs)        000080
__activetblptr             (abs)        000002
__end_of_UART_Init         text13       0008C6
__end_of_UART_Write        text12       0008B4
__end_of_UART_Write_Int    text2        000888
__end_of_UART_Write_String text11       0007C2
__end_of___awdiv           text10       000598
__end_of___awmod           text9        000646
__end_of___lwdiv           text1        000764
__end_of__initialization   cinit        000894
__end_of_abs               text8        000868
__end_of_fputc             text6        0006F0
__end_of_main              text0        0004D6
__end_of_putch             text7        0008C8
__end_of_sprintf           text3        000834
__end_of_vfpfcnvrt         text5        0003D0
__end_of_vfprintf          text4        000800
__initialization           cinit        000888
__mediumconst              mediumconst  000000
__pbssCOMRAM               bssCOMRAM    000048
__pcinit                   cinit        000888
__pcstackCOMRAM            cstackCOMRAM 000001
__psmallconst              smallconst   000200
__ptext0                   text0        0003D0
__ptext1                   text1        0006F0
__ptext10                  text10       0004D6
__ptext11                  text11       000764
__ptext12                  text12       00089E
__ptext13                  text13       0008B4
__ptext2                   text2        000868
__ptext3                   text3        000800
__ptext4                   text4        0007C2
__ptext5                   text5        000218
__ptext6                   text6        000646
__ptext7                   text7        0008C6
__ptext8                   text8        000834
__ptext9                   text9        000598
__ramtop                   ramtop       000200
__smallconst               smallconst   000200
_abs                       text8        000834
_dbuf                      bssCOMRAM    000048
_flags                     bssCOMRAM    00006C
_fputc                     text6        000646
_main                      text0        0003D0
_prec                      bssCOMRAM    00006A
_putch                     text7        0008C6
_sprintf                   text3        000800
_vfpfcnvrt                 text5        000218
_vfprintf                  text4        0007C2
_width                     bssCOMRAM    000068
abs@a                      cstackCOMRAM 000007
end_of_initialization      cinit        000894
fputc@c                    cstackCOMRAM 000001
fputc@fp                   cstackCOMRAM 000003
intlevel0                  text         000000
intlevel1                  text         000000
intlevel2                  text         000000
intlevel3                  text         000000
isa$std                    (abs)        000001
isa$xinst                  (abs)        000000
main@Voltage_mV            cstackCOMRAM 000046
main@num                   cstackCOMRAM 000044
sprintf@ap                 cstackCOMRAM 00001E
sprintf@f                  cstackCOMRAM 00001F
sprintf@fmt                cstackCOMRAM 00001B
sprintf@s                  cstackCOMRAM 00001A
stackhi                    (abs)        000000
stacklo                    (abs)        000000
start                      init         000002
start_initialization       cinit        000888
vfpfcnvrt@ap               cstackCOMRAM 00000D
vfpfcnvrt@c                cstackCOMRAM 000015
vfpfcnvrt@convarg          cstackCOMRAM 000011
vfpfcnvrt@cp               cstackCOMRAM 000010
vfpfcnvrt@done             cstackCOMRAM 00000F
vfpfcnvrt@fmt              cstackCOMRAM 00000C
vfpfcnvrt@fp               cstackCOMRAM 00000B
vfprintf@ap                cstackCOMRAM 000018
vfprintf@cfmt              cstackCOMRAM 000019
vfprintf@fmt               cstackCOMRAM 000017
vfprintf@fp                cstackCOMRAM 000016


MODULE INFORMATION

Module		Function		Class		Link	Load	Size
C:\Program Files\Microchip\xc8\v2.50\pic\sources\c99\common\awmod.c
		___awmod       		CODE           	0598	0000	174

C:\Program Files\Microchip\xc8\v2.50\pic\sources\c99\common\awmod.c estimated size: 174

C:\Program Files\Microchip\xc8\v2.50\pic\sources\c99\common\putch.c
		_putch         		CODE           	08C6	0000	2

C:\Program Files\Microchip\xc8\v2.50\pic\sources\c99\common\putch.c estimated size: 2

C:\Program Files\Microchip\xc8\v2.50\pic\sources\c99\common\abs.c
		_abs           		CODE           	0834	0000	52

C:\Program Files\Microchip\xc8\v2.50\pic\sources\c99\common\abs.c estimated size: 52

C:\Program Files\Microchip\xc8\v2.50\pic\sources\c99\common\nf_sprintf.c
		_sprintf       		CODE           	0800	0000	52

C:\Program Files\Microchip\xc8\v2.50\pic\sources\c99\common\nf_sprintf.c estimated size: 52

C:\Program Files\Microchip\xc8\v2.50\pic\sources\c99\common\nf_fputc.c
		_fputc         		CODE           	0646	0000	170

C:\Program Files\Microchip\xc8\v2.50\pic\sources\c99\common\nf_fputc.c estimated size: 170

shared
		__initialization		CODE           	0888	0000	12

shared estimated size: 12

C:\Program Files\Microchip\xc8\v2.50\pic\sources\c99\common\lwdiv.c
		___lwdiv       		CODE           	06F0	0000	116

C:\Program Files\Microchip\xc8\v2.50\pic\sources\c99\common\lwdiv.c estimated size: 116

C:\Program Files\Microchip\xc8\v2.50\pic\sources\c99\common\awdiv.c
		___awdiv       		CODE           	04D6	0000	194

C:\Program Files\Microchip\xc8\v2.50\pic\sources\c99\common\awdiv.c estimated size: 194

C:\Program Files\Microchip\xc8\v2.50\pic\sources\c99\common\doprnt.c
		_vfpfcnvrt     		CODE           	0218	0000	440
		_vfprintf      		CODE           	07C2	0000	62

C:\Program Files\Microchip\xc8\v2.50\pic\sources\c99\common\doprnt.c estimated size: 502

main.c
		_UART_Write_String		CODE           	0764	0000	94
		_UART_Write_Int		CODE           	0868	0000	32
		_UART_Init     		CODE           	08B4	0000	18
		_main          		CODE           	03D0	0000	262
		_UART_Write    		CODE           	089E	0000	22

main.c estimated size: 428

