Microchip MPLAB XC8 Compiler V2.50

Linker command line:

-W-3 \
  --edf=C:\Program Files\Microchip\xc8\v2.50\pic\dat\20240725155939_en.msgs \
  -cn -h+dist/default/production\PIC18F4321_Ep_03_UART.X.production.sym \
  --cmf=dist/default/production\PIC18F4321_Ep_03_UART.X.production.cmf -z \
  -Q18F4321 -oC:\Users\User\AppData\Local\Temp\xcAs7dk.\driver_tmp_3.o \
  --defsym=__MPLAB_BUILD=1 --fixupoverflow=error \
  -Mdist/default/production/PIC18F4321_Ep_03_UART.X.production.map \
  --md=C:\Users\User\AppData\Local\Temp\xcAs7dk.\driver_tmp_0.dat -E1 \
  -ver=XC8 Compiler --acfsm=1493 -ACODE=00h-01FFFh -ACONST=00h-01FFFh \
  -ASMALLCONST=0200h-02FFhx30 -AMEDIUMCONST=0200h-01FFFh -ACOMRAM=01h-07Fh \
  -AABS1=00h-01FFh -ABIGRAM=01h-01FFh -ARAM=080h-0FFh,0100h-01FFh \
  -ABANK0=080h-0FFh -ABANK1=0100h-01FFh -ASFR=0F80h-0FFFh \
  -ABIGSFR=0F80h-0FFFh -ACONFIG=0300000h-030000Dh -AIDLOC=0200000h-0200007h \
  -AEEDATA=0F00000h-0F000FFh -peeprom_data=EEDATA \
  -preset_vec=00h,intcode,sivt_hi,intcodelo,sivt_lo,powerup,init \
  -pramtop=0200h -psmallconst=SMALLCONST -pmediumconst=MEDIUMCONST \
  -pconst=CONST -AFARRAM=00h-00h \
  -prdata=COMRAM,nvrram=COMRAM,nvbit=COMRAM,rbss=COMRAM,rbit=COMRAM \
  -pfarbss=FARRAM,fardata=FARRAM,nvFARRAM=FARRAM \
  -pintsave_regs=BIGRAM,bigbss=BIGRAM,bigdata=BIGRAM -pbss=RAM \
  -pidata=CODE,irdata=CODE,ibigdata=CODE,ifardata=CODE -prparam=COMRAM \
  C:\Users\User\AppData\Local\Temp\xcAs7dk.\driver_tmp_9.o \
  dist/default/production\PIC18F4321_Ep_03_UART.X.production.o 

Object code version is 3.11

Machine type is 18F4321



                Name                               Link     Load   Length Selector   Space Scale
C:\Users\User\AppData\Local\Temp\xcAs7dk.\driver_tmp_9.o
                config                           300000   300000        E        0       4
                init                                  0        0        4        0       0
dist/default/production\PIC18F4321_Ep_03_UART.X.production.o
                config                           300000   300000        E        0       4
                smallconst                          200      200       22      100       0
                text4                               2CA      2CA       12      111       0
                text3                               2B8      2B8       12      111       0
                text2                               2A2      2A2       16      111       0
                text1                               276      276       2C      111       0
                text0                               222      222       54      111       0
                cstackCOMRAM                          1        1        5        1       1
                cinit                               2DC      2DC        E      111       0

TOTAL           Name                               Link     Load   Length     Space
        CLASS   CODE           
                init                                  0        0        4         0
                text4                               2CA      2CA       12         0
                text3                               2B8      2B8       12         0
                text2                               2A2      2A2       16         0
                text1                               276      276       2C         0
                text0                               222      222       54         0
                cinit                               2DC      2DC        E         0

        CLASS   CONST          

        CLASS   SMALLCONST     
                smallconst                          200      200       22         0

        CLASS   MEDIUMCONST    

        CLASS   COMRAM         
                cstackCOMRAM                          1        1        5         1

        CLASS   ABS1           

        CLASS   BIGRAM         

        CLASS   RAM            

        CLASS   BANK0          

        CLASS   BANK1          

        CLASS   SFR            

        CLASS   BIGSFR         

        CLASS   CONFIG         
                config                           300000   300000        E         4

        CLASS   IDLOC          

        CLASS   EEDATA         

        CLASS   FARRAM         

        CLASS   HEAP           

        CLASS   STACK          



SEGMENTS        Name                           Load    Length   Top    Selector   Space  Class

                reset_vec                      000000  000004  000004         0       0  CODE    
                cstackCOMRAM                   000001  000005  000006         1       1  COMRAM  
                smallconst                     000200  000022  000222       100       0  SMALLCON
                text0                          000222  0000C8  0002EA       111       0  CODE    


UNUSED ADDRESS RANGES

        Name                Unused          Largest block    Delta
        BANK0            000080-0000FF               80
        BANK1            000100-0001FF              100
        BIGRAM           000006-0001FF              1FA
        BIGSFR           000F80-000FFF               80
        CODE             000004-0001FF              1FC
                         0002EA-001FFF             1D16
        COMRAM           000006-00007F               7A
        CONST            000004-0001FF              1FC
                         0002EA-001FFF             1D16
        EEDATA           F00000-F000FF              100
        IDLOC            200000-200007                8
        MEDIUMCONST      0002EA-001FFF             1D16
        RAM              000080-0001FF               80
        SFR              000F80-000FFF               80
        SMALLCONST       0002EA-001FFF              100

                                  Symbol Table

UART_Init@baud_rate        cstackCOMRAM 000001
UART_Write@data            cstackCOMRAM 000001
UART_Write_String@text     cstackCOMRAM 000002
_OSCCONbits                (abs)        000FD3
_PIR1bits                  (abs)        000F9E
_RCREG                     (abs)        000FAE
_RCSTAbits                 (abs)        000FAB
_SPBRG                     (abs)        000FAF
_TRISCbits                 (abs)        000F94
_TXREG                     (abs)        000FAD
_TXSTAbits                 (abs)        000FAC
_UART_Init                 text4        0002CA
_UART_Read                 text3        0002B8
_UART_Write                text2        0002A2
_UART_Write_String         text1        000276
__HRAM                     (abs)        000000
__H__absolute__            __absolute__ 000000
__Habs1                    abs1         000000
__Hbank0                   bank0        000000
__Hbank1                   bank1        000000
__Hbigbss                  bigbss       000000
__Hbigdata                 bigdata      000000
__Hbigram                  bigram       000000
__Hbigsfr                  bigsfr       000000
__Hbss                     bss          000000
__Hcinit                   cinit        000000
__Hclrtext                 clrtext      000000
__Hcomram                  comram       000000
__Hconfig                  config       30000E
__Hconst                   const        000000
__HcstackCOMRAM            cstackCOMRAM 000000
__Hdata                    data         000000
__Heeprom_data             eeprom_data  000000
__Hfarbss                  farbss       000000
__Hfardata                 fardata      000000
__Hheap                    heap         000000
__Hibigdata                ibigdata     000000
__Hidata                   idata        000000
__Hidloc                   idloc        000000
__Hifardata                ifardata     000000
__Hinit                    init         000004
__Hintcode                 intcode      000000
__Hintcode_body            intcode_body 000000
__Hintcodelo               intcodelo    000000
__Hintentry                intentry     000000
__Hintret                  intret       000000
__Hintsave_regs            intsave_regs 000000
__Hirdata                  irdata       000000
__Hmediumconst             mediumconst  000000
__HnvFARRAM                nvFARRAM     000000
__Hnvbit                   nvbit        000000
__Hnvrram                  nvrram       000000
__Hparam                   rparam       000000
__Hpowerup                 powerup      000000
__Hram                     ram          000000
__Hramtop                  ramtop       000200
__Hrbit                    rbit         000000
__Hrbss                    rbss         000000
__Hrdata                   rdata        000000
__Hreset_vec               reset_vec    000000
__Hrparam                  rparam       000000
__Hsfr                     sfr          000000
__Hsivt_hi                 sivt_hi      000000
__Hsivt_lo                 sivt_lo      000000
__Hsmallconst              smallconst   000222
__Hspace_0                 (abs)        0002EA
__Hspace_1                 (abs)        000006
__Hspace_2                 (abs)        000000
__Hspace_4                 (abs)        60000E
__Hstack                   stack        000000
__Hstruct                  struct       000000
__Htemp                    temp         000000
__Htext                    text         000000
__Htext0                   text0        000000
__Htext1                   text1        000000
__Htext2                   text2        000000
__Htext3                   text3        000000
__Htext4                   text4        000000
__LRAM                     (abs)        000001
__L__absolute__            __absolute__ 000000
__Labs1                    abs1         000000
__Lbank0                   bank0        000000
__Lbank1                   bank1        000000
__Lbigbss                  bigbss       000000
__Lbigdata                 bigdata      000000
__Lbigram                  bigram       000000
__Lbigsfr                  bigsfr       000000
__Lbss                     bss          000000
__Lcinit                   cinit        000000
__Lclrtext                 clrtext      000000
__Lcomram                  comram       000000
__Lconfig                  config       000000
__Lconst                   const        000000
__LcstackCOMRAM            cstackCOMRAM 000000
__Ldata                    data         000000
__Leeprom_data             eeprom_data  000000
__Lfarbss                  farbss       000000
__Lfardata                 fardata      000000
__Lheap                    heap         000000
__Libigdata                ibigdata     000000
__Lidata                   idata        000000
__Lidloc                   idloc        000000
__Lifardata                ifardata     000000
__Linit                    init         000000
__Lintcode                 intcode      000000
__Lintcode_body            intcode_body 000000
__Lintcodelo               intcodelo    000000
__Lintentry                intentry     000000
__Lintret                  intret       000000
__Lintsave_regs            intsave_regs 000000
__Lirdata                  irdata       000000
__Lmediumconst             mediumconst  000000
__LnvFARRAM                nvFARRAM     000000
__Lnvbit                   nvbit        000000
__Lnvrram                  nvrram       000000
__Lparam                   rparam       000000
__Lpowerup                 powerup      000000
__Lram                     ram          000000
__Lramtop                  ramtop       000200
__Lrbit                    rbit         000000
__Lrbss                    rbss         000000
__Lrdata                   rdata        000000
__Lreset_vec               reset_vec    000000
__Lrparam                  rparam       000000
__Lsfr                     sfr          000000
__Lsivt_hi                 sivt_hi      000000
__Lsivt_lo                 sivt_lo      000000
__Lsmallconst              smallconst   000200
__Lspace_0                 (abs)        000000
__Lspace_1                 (abs)        000000
__Lspace_2                 (abs)        000000
__Lspace_4                 (abs)        000000
__Lstack                   stack        000000
__Lstruct                  struct       000000
__Ltemp                    temp         000000
__Ltext                    text         000000
__Ltext0                   text0        000000
__Ltext1                   text1        000000
__Ltext2                   text2        000000
__Ltext3                   text3        000000
__Ltext4                   text4        000000
__S0                       (abs)        0002EA
__S1                       (abs)        000006
__S4                       (abs)        000000
__S5                       (abs)        000000
___heap_hi                 (abs)        000000
___heap_lo                 (abs)        000000
___inthi_sp                stack        000000
___inthi_stack_hi          stack        000000
___inthi_stack_lo          stack        000000
___intlo_sp                stack        000000
___intlo_stack_hi          stack        000000
___intlo_stack_lo          stack        000000
___param_bank              (abs)        000000
___rparam_used             (abs)        000001
___sp                      stack        000000
___stack_hi                stack        000000
___stack_lo                stack        000000
__accesstop                (abs)        000080
__activetblptr             (abs)        000001
__end_of_UART_Init         text4        0002DC
__end_of_UART_Read         text3        0002CA
__end_of_UART_Write        text2        0002B8
__end_of_UART_Write_String text1        0002A2
__end_of__initialization   cinit        0002DC
__end_of_main              text0        000276
__initialization           cinit        0002DC
__mediumconst              mediumconst  000000
__pcinit                   cinit        0002DC
__pcstackCOMRAM            cstackCOMRAM 000001
__psmallconst              smallconst   000200
__ptext0                   text0        000222
__ptext1                   text1        000276
__ptext2                   text2        0002A2
__ptext3                   text3        0002B8
__ptext4                   text4        0002CA
__ramtop                   ramtop       000200
__smallconst               smallconst   000200
_main                      text0        000222
end_of_initialization      cinit        0002DC
intlevel0                  text         000000
intlevel1                  text         000000
intlevel2                  text         000000
intlevel3                  text         000000
isa$std                    (abs)        000001
isa$xinst                  (abs)        000000
main@received_char         cstackCOMRAM 000005
stackhi                    (abs)        000000
stacklo                    (abs)        000000
start                      init         000000
start_initialization       cinit        0002DC


MODULE INFORMATION

Module		Function		Class		Link	Load	Size
shared
		__initialization		CODE           	02DC	0000	1

shared estimated size: 1

main.c
		_UART_Write_String		CODE           	0276	0000	44
		_UART_Read     		CODE           	02B8	0000	18
		_UART_Init     		CODE           	02CA	0000	18
		_main          		CODE           	0222	0000	84
		_UART_Write    		CODE           	02A2	0000	22

main.c estimated size: 186

